{
  "Data": {
    "foo": "bar",
    "baz": "2019-12-10T20:44:56.824Z"
  },
  "Extensions": {},
  "Errors": [],
  "ContextData": {}
}
